
> typecheck
> tsc --noEmit

src/lib/athrecs/athlete-backend.ts(73,12): error TS2345: Argument of type '({ context }: ServerFnCtx<Register, "GET", readonly [FunctionMiddlewareAfterServer<{}, unknown, undefined, { userId: string; }, { bearerToken: string | undefined; }, undefined, undefined>], undefined>) => Promise<...>' is not assignable to parameter of type 'ServerFn<Register, "GET", readonly [FunctionMiddlewareAfterServer<{}, unknown, undefined, { userId: string; }, { bearerToken: string | undefined; }, undefined, undefined>], undefined, Promise<...>, true>'.
  Type 'Promise<Record<string, unknown>[]>' is not assignable to type 'Promise<ValidateSerializableMapped<Record<string, unknown>, RegisteredSerializableInput<Register>>[]>'.
    Type 'Record<string, unknown>[]' is not assignable to type 'ValidateSerializableMapped<Record<string, unknown>, RegisteredSerializableInput<Register>>[]'.
      Type 'Record<string, unknown>' is not assignable to type 'ValidateSerializableMapped<Record<string, unknown>, RegisteredSerializableInput<Register>>'.
        'string' index signatures are incompatible.
          Type 'unknown' is not assignable to type 'SerializationError<"Type may not be serializable">'.
src/lib/athrecs/athlete-backend.ts(292,12): error TS2345: Argument of type '({ data, context }: ServerFnCtx<Register, "GET", readonly [FunctionMiddlewareAfterServer<{}, unknown, undefined, { userId: string; }, { bearerToken: string | undefined; }, undefined, undefined>], (input: { ...; }) => { ...; }>) => Promise<...>' is not assignable to parameter of type 'ServerFn<Register, "GET", readonly [FunctionMiddlewareAfterServer<{}, unknown, undefined, { userId: string; }, { bearerToken: string | undefined; }, undefined, undefined>], (input: { ...; }) => { ...; }, Promise<...>, true>'.
  Type 'Promise<{ access: AthleteAccess; capabilities: { canViewPrivateProfile: boolean; canViewIdentifiers: boolean; canViewEquipment: boolean; canViewCommercialData: boolean; canViewConsents: boolean; canViewWorkflow: boolean; }; ... 14 more ...; submissions: Record<...>[]; }>' is not assignable to type 'Promise<ValidateSerializableMapped<{ access: AthleteAccess; capabilities: { canViewPrivateProfile: boolean; canViewIdentifiers: boolean; canViewEquipment: boolean; canViewCommercialData: boolean; canViewConsents: boolean; canViewWorkflow: boolean; }; ... 14 more ...; submissions: Record<...>[]; }, RegisteredSerializ...'.
    Type '{ access: AthleteAccess; capabilities: { canViewPrivateProfile: boolean; canViewIdentifiers: boolean; canViewEquipment: boolean; canViewCommercialData: boolean; canViewConsents: boolean; canViewWorkflow: boolean; }; ... 14 more ...; submissions: Record<...>[]; }' is not assignable to type 'ValidateSerializableMapped<{ access: AthleteAccess; capabilities: { canViewPrivateProfile: boolean; canViewIdentifiers: boolean; canViewEquipment: boolean; canViewCommercialData: boolean; canViewConsents: boolean; canViewWorkflow: boolean; }; ... 14 more ...; submissions: Record<...>[]; }, RegisteredSerializableInpu...'.
      The types of 'access.permissions' are incompatible between these types.
        Type 'Record<string, unknown>' is not assignable to type 'ValidateSerializableMapped<Record<string, unknown>, RegisteredSerializableInput<Register>>'.
          'string' index signatures are incompatible.
            Type 'unknown' is not assignable to type 'SerializationError<"Type may not be serializable">'.
src/lib/athrecs/multisport-public-api.ts(35,12): error TS2345: Argument of type '({ data }: ServerFnCtx<Register, "GET", undefined, (input: { q?: string | undefined; sportCode?: string | undefined; disciplineCode?: string | undefined; surfaceCode?: string | undefined; ... 14 more ...; offset?: number | undefined; } | undefined) => { ...; }>) => Promise<...>' is not assignable to parameter of type 'ServerFn<Register, "GET", undefined, (input: { q?: string | undefined; sportCode?: string | undefined; disciplineCode?: string | undefined; surfaceCode?: string | undefined; countryCode?: string | undefined; ... 13 more ...; offset?: number | undefined; } | undefined) => { ...; }, Promise<...>, true>'.
  Type 'Promise<Record<string, unknown>[]>' is not assignable to type 'Promise<ValidateSerializableMapped<Record<string, unknown>, RegisteredSerializableInput<Register>>[]>'.
    Type 'Record<string, unknown>[]' is not assignable to type 'ValidateSerializableMapped<Record<string, unknown>, RegisteredSerializableInput<Register>>[]'.
      Type 'Record<string, unknown>' is not assignable to type 'ValidateSerializableMapped<Record<string, unknown>, RegisteredSerializableInput<Register>>'.
        'string' index signatures are incompatible.
          Type 'unknown' is not assignable to type 'SerializationError<"Type may not be serializable">'.
src/lib/athrecs/multisport-public-api.ts(104,12): error TS2345: Argument of type '({ data: slug }: ServerFnCtx<Register, "GET", undefined, (slug: string) => string>) => Promise<{ event: Record<string, unknown>; competitions: Record<string, unknown>[]; } | null>' is not assignable to parameter of type 'ServerFn<Register, "GET", undefined, (slug: string) => string, Promise<{ event: Record<string, unknown>; competitions: Record<string, unknown>[]; } | null>, true>'.
  Type 'Promise<{ event: Record<string, unknown>; competitions: Record<string, unknown>[]; } | null>' is not assignable to type 'Promise<ValidateSerializableMapped<{ event: Record<string, unknown>; competitions: Record<string, unknown>[]; }, RegisteredSerializableInput<Register>> | null>'.
    Type '{ event: Record<string, unknown>; competitions: Record<string, unknown>[]; } | null' is not assignable to type 'ValidateSerializableMapped<{ event: Record<string, unknown>; competitions: Record<string, unknown>[]; }, RegisteredSerializableInput<Register>> | null'.
      Type '{ event: Record<string, unknown>; competitions: Record<string, unknown>[]; }' is not assignable to type 'ValidateSerializableMapped<{ event: Record<string, unknown>; competitions: Record<string, unknown>[]; }, RegisteredSerializableInput<Register>>'.
        Types of property 'event' are incompatible.
          Type 'Record<string, unknown>' is not assignable to type 'ValidateSerializableMapped<Record<string, unknown>, RegisteredSerializableInput<Register>>'.
            'string' index signatures are incompatible.
              Type 'unknown' is not assignable to type 'SerializationError<"Type may not be serializable">'.
src/lib/athrecs/multisport-public-api.ts(144,12): error TS2345: Argument of type '({ data }: ServerFnCtx<Register, "GET", undefined, (input: { competitionId: number; limit?: number | undefined; offset?: number | undefined; }) => { competitionId: number; limit: number; offset: number; }>) => Promise<...>' is not assignable to parameter of type 'ServerFn<Register, "GET", undefined, (input: { competitionId: number; limit?: number | undefined; offset?: number | undefined; }) => { competitionId: number; limit: number; offset: number; }, Promise<...>, true>'.
  Type 'Promise<{ competition: Record<string, unknown>; results: Record<string, unknown>[]; } | null>' is not assignable to type 'Promise<ValidateSerializableMapped<{ competition: Record<string, unknown>; results: Record<string, unknown>[]; }, RegisteredSerializableInput<Register>> | null>'.
    Type '{ competition: Record<string, unknown>; results: Record<string, unknown>[]; } | null' is not assignable to type 'ValidateSerializableMapped<{ competition: Record<string, unknown>; results: Record<string, unknown>[]; }, RegisteredSerializableInput<Register>> | null'.
      Type '{ competition: Record<string, unknown>; results: Record<string, unknown>[]; }' is not assignable to type 'ValidateSerializableMapped<{ competition: Record<string, unknown>; results: Record<string, unknown>[]; }, RegisteredSerializableInput<Register>>'.
        Types of property 'competition' are incompatible.
          Type 'Record<string, unknown>' is not assignable to type 'ValidateSerializableMapped<Record<string, unknown>, RegisteredSerializableInput<Register>>'.
            'string' index signatures are incompatible.
              Type 'unknown' is not assignable to type 'SerializationError<"Type may not be serializable">'.
src/lib/athrecs/multisport-public-api.ts(230,12): error TS2345: Argument of type '({ data: slug }: ServerFnCtx<Register, "GET", undefined, (slug: string) => string>) => Promise<{ athlete: { [x: string]: unknown; }; sports: Record<string, unknown>[]; results: Record<string, unknown>[]; breakdown: Record<...>[]; equipment: Record<...>[]; } | null>' is not assignable to parameter of type 'ServerFn<Register, "GET", undefined, (slug: string) => string, Promise<{ athlete: { [x: string]: unknown; }; sports: Record<string, unknown>[]; results: Record<string, unknown>[]; breakdown: Record<...>[]; equipment: Record<...>[]; } | null>, true>'.
  Type 'Promise<{ athlete: { [x: string]: unknown; }; sports: Record<string, unknown>[]; results: Record<string, unknown>[]; breakdown: Record<string, unknown>[]; equipment: Record<string, unknown>[]; } | null>' is not assignable to type 'Promise<ValidateSerializableMapped<{ athlete: { [x: string]: unknown; }; sports: Record<string, unknown>[]; results: Record<string, unknown>[]; breakdown: Record<string, unknown>[]; equipment: Record<string, unknown>[]; }, RegisteredSerializableInput<...>> | null>'.
    Type '{ athlete: { [x: string]: unknown; }; sports: Record<string, unknown>[]; results: Record<string, unknown>[]; breakdown: Record<string, unknown>[]; equipment: Record<string, unknown>[]; } | null' is not assignable to type 'ValidateSerializableMapped<{ athlete: { [x: string]: unknown; }; sports: Record<string, unknown>[]; results: Record<string, unknown>[]; breakdown: Record<string, unknown>[]; equipment: Record<string, unknown>[]; }, RegisteredSerializableInput<Register>> | null'.
      Type '{ athlete: { [x: string]: unknown; }; sports: Record<string, unknown>[]; results: Record<string, unknown>[]; breakdown: Record<string, unknown>[]; equipment: Record<string, unknown>[]; }' is not assignable to type 'ValidateSerializableMapped<{ athlete: { [x: string]: unknown; }; sports: Record<string, unknown>[]; results: Record<string, unknown>[]; breakdown: Record<string, unknown>[]; equipment: Record<string, unknown>[]; }, RegisteredSerializableInput<Register>>'.
        Types of property 'athlete' are incompatible.
          Type '{ [x: string]: unknown; }' is not assignable to type 'ValidateSerializableMapped<{ [x: string]: unknown; }, RegisteredSerializableInput<Register>>'.
            'string' index signatures are incompatible.
              Type 'unknown' is not assignable to type 'SerializationError<"Type may not be serializable">'.
src/lib/athrecs/organiser-backend.ts(476,12): error TS2345: Argument of type '({ data, context }: ServerFnCtx<Register, "GET", readonly [FunctionMiddlewareAfterServer<{}, unknown, undefined, { userId: string; }, { bearerToken: string | undefined; }, undefined, undefined>], (input: { ...; }) => { ...; }>) => Promise<...>' is not assignable to parameter of type 'ServerFn<Register, "GET", readonly [FunctionMiddlewareAfterServer<{}, unknown, undefined, { userId: string; }, { bearerToken: string | undefined; }, undefined, undefined>], (input: { ...; }) => { ...; }, Promise<...>, true>'.
  Type 'Promise<{ organisation: Record<string, unknown>; events: Record<string, unknown>[]; uploads: Record<string, unknown>[]; submissions: Record<string, unknown>[]; }>' is not assignable to type 'Promise<ValidateSerializableMapped<{ organisation: Record<string, unknown>; events: Record<string, unknown>[]; uploads: Record<string, unknown>[]; submissions: Record<string, unknown>[]; }, RegisteredSerializableInput<Register>>>'.
    Type '{ organisation: Record<string, unknown>; events: Record<string, unknown>[]; uploads: Record<string, unknown>[]; submissions: Record<string, unknown>[]; }' is not assignable to type 'ValidateSerializableMapped<{ organisation: Record<string, unknown>; events: Record<string, unknown>[]; uploads: Record<string, unknown>[]; submissions: Record<string, unknown>[]; }, RegisteredSerializableInput<Register>>'.
      Types of property 'organisation' are incompatible.
        Type 'Record<string, unknown>' is not assignable to type 'ValidateSerializableMapped<Record<string, unknown>, RegisteredSerializableInput<Register>>'.
          'string' index signatures are incompatible.
            Type 'unknown' is not assignable to type 'SerializationError<"Type may not be serializable">'.
src/lib/athrecs/organiser-backend.ts(965,12): error TS2345: Argument of type '({ data, context }: ServerFnCtx<Register, "GET", readonly [FunctionMiddlewareAfterServer<{}, unknown, undefined, { userId: string; }, { bearerToken: string | undefined; }, undefined, undefined>], (input: { ...; }) => { ...; }>) => Promise<...>' is not assignable to parameter of type 'ServerFn<Register, "GET", readonly [FunctionMiddlewareAfterServer<{}, unknown, undefined, { userId: string; }, { bearerToken: string | undefined; }, undefined, undefined>], (input: { ...; }) => { ...; }, Promise<...>, true>'.
  Type 'Promise<{ batch: Record<string, unknown>; rows: Record<string, unknown>[]; checks: Record<string, unknown>[]; }>' is not assignable to type 'Promise<ValidateSerializableMapped<{ batch: Record<string, unknown>; rows: Record<string, unknown>[]; checks: Record<string, unknown>[]; }, RegisteredSerializableInput<Register>>>'.
    Type '{ batch: Record<string, unknown>; rows: Record<string, unknown>[]; checks: Record<string, unknown>[]; }' is not assignable to type 'ValidateSerializableMapped<{ batch: Record<string, unknown>; rows: Record<string, unknown>[]; checks: Record<string, unknown>[]; }, RegisteredSerializableInput<Register>>'.
      Types of property 'batch' are incompatible.
        Type 'Record<string, unknown>' is not assignable to type 'ValidateSerializableMapped<Record<string, unknown>, RegisteredSerializableInput<Register>>'.
          'string' index signatures are incompatible.
            Type 'unknown' is not assignable to type 'SerializationError<"Type may not be serializable">'.
src/lib/athrecs/verification-backend.ts(769,12): error TS2345: Argument of type '({ data, context }: ServerFnCtx<Register, "GET", readonly [FunctionMiddlewareAfterServer<{}, unknown, undefined, { userId: string; }, { bearerToken: string | undefined; }, undefined, undefined>], (input: { ...; } | undefined) => { ...; }>) => Promise<...>' is not assignable to parameter of type 'ServerFn<Register, "GET", readonly [FunctionMiddlewareAfterServer<{}, unknown, undefined, { userId: string; }, { bearerToken: string | undefined; }, undefined, undefined>], (input: { ...; } | undefined) => { ...; }, Promise<...>, true>'.
  Type 'Promise<Record<string, unknown>[]>' is not assignable to type 'Promise<ValidateSerializableMapped<Record<string, unknown>, RegisteredSerializableInput<Register>>[]>'.
    Type 'Record<string, unknown>[]' is not assignable to type 'ValidateSerializableMapped<Record<string, unknown>, RegisteredSerializableInput<Register>>[]'.
      Type 'Record<string, unknown>' is not assignable to type 'ValidateSerializableMapped<Record<string, unknown>, RegisteredSerializableInput<Register>>'.
        'string' index signatures are incompatible.
          Type 'unknown' is not assignable to type 'SerializationError<"Type may not be serializable">'.
src/lib/athrecs/verification-backend.ts(807,12): error TS2345: Argument of type '({ data, context }: ServerFnCtx<Register, "GET", readonly [FunctionMiddlewareAfterServer<{}, unknown, undefined, { userId: string; }, { bearerToken: string | undefined; }, undefined, undefined>], (input: { ...; }) => { ...; }>) => Promise<...>' is not assignable to parameter of type 'ServerFn<Register, "GET", readonly [FunctionMiddlewareAfterServer<{}, unknown, undefined, { userId: string; }, { bearerToken: string | undefined; }, undefined, undefined>], (input: { ...; }) => { ...; }, Promise<...>, true>'.
  Type 'Promise<{ case: Record<string, unknown>; checks: Record<string, unknown>[]; evidence: Record<string, unknown>[]; submission: Record<string, unknown>; batch: Record<string, unknown>; uploadChecks: Record<...>[]; uploadRows: Record<...>[]; resultClaim: Record<...>; }>' is not assignable to type 'Promise<ValidateSerializableMapped<{ case: Record<string, unknown>; checks: Record<string, unknown>[]; evidence: Record<string, unknown>[]; submission: Record<string, unknown>; batch: Record<string, unknown>; uploadChecks: Record<...>[]; uploadRows: Record<...>[]; resultClaim: Record<...>; }, RegisteredSerializableI...'.
    Type '{ case: Record<string, unknown>; checks: Record<string, unknown>[]; evidence: Record<string, unknown>[]; submission: Record<string, unknown>; batch: Record<string, unknown>; uploadChecks: Record<...>[]; uploadRows: Record<...>[]; resultClaim: Record<...>; }' is not assignable to type 'ValidateSerializableMapped<{ case: Record<string, unknown>; checks: Record<string, unknown>[]; evidence: Record<string, unknown>[]; submission: Record<string, unknown>; batch: Record<string, unknown>; uploadChecks: Record<...>[]; uploadRows: Record<...>[]; resultClaim: Record<...>; }, RegisteredSerializableInput<...>>'.
      Types of property 'case' are incompatible.
        Type 'Record<string, unknown>' is not assignable to type 'ValidateSerializableMapped<Record<string, unknown>, RegisteredSerializableInput<Register>>'.
          'string' index signatures are incompatible.
            Type 'unknown' is not assignable to type 'SerializationError<"Type may not be serializable">'.
